// Jest Snapshot v1, https://goo.gl/fbAQLP

exports[`# Movies - repository ## findMoviesBy - should be executed once with genres and return MovieModel as array 1`] = `
Array [
  Object {
    "adult": false,
    "budget": 0,
    "createAt": "2022-03-03T23:34:57.554Z",
    "description": "Young Haru rescues a cat from being run over, but soon learns it's no ordinary feline; it happens to be the Prince of the Cats.",
    "genres": "ADVENTURE;FANTASY;ANIMATION;DRAMA;FAMILY",
    "id": "MV_THE_CAT_RETURNS",
    "imdbid": "tt0347618",
    "language": "EN-US",
    "originalLanguage": "ja",
    "posters": Array [
      Object {
        "height": 3000,
        "url": "http://image.tmdb.org/t/p/original//pqyY7IEWkCWNZ7EuRStQaJITEta.jpg",
        "width": 2000,
      },
      Object {
        "height": 3000,
        "url": "http://image.tmdb.org/t/p/original//avPMO5cnaGHgLaNiAIhy33WoQLm.jpg",
        "width": 2000,
      },
      Object {
        "height": 1500,
        "url": "http://image.tmdb.org/t/p/original//XF05e3M5INIluZDIf9uZy1Pc8Z.jpg",
        "width": 1000,
      },
      Object {
        "height": 3000,
        "url": "http://image.tmdb.org/t/p/original//oBF7XfJvPpJa5qT2vyzwB2bQw4l.jpg",
        "width": 2000,
      },
      Object {
        "height": 3000,
        "url": "http://image.tmdb.org/t/p/original//rG8dKOFdIsZJvmOCOscJPCLyXyC.jpg",
        "width": 2000,
      },
      Object {
        "height": 1500,
        "url": "http://image.tmdb.org/t/p/original//bcknER7DMd1e6aHQZBXGdfGWJmk.jpg",
        "width": 1000,
      },
      Object {
        "height": 1500,
        "url": "http://image.tmdb.org/t/p/original//iGa5T4jbuZkH14rJyEl52kbZ6N2.jpg",
        "width": 1000,
      },
      Object {
        "height": 750,
        "url": "http://image.tmdb.org/t/p/w500//pqyY7IEWkCWNZ7EuRStQaJITEta.jpg",
        "width": 500,
      },
      Object {
        "height": 750,
        "url": "http://image.tmdb.org/t/p/w500//avPMO5cnaGHgLaNiAIhy33WoQLm.jpg",
        "width": 500,
      },
      Object {
        "height": 750,
        "url": "http://image.tmdb.org/t/p/w500//XF05e3M5INIluZDIf9uZy1Pc8Z.jpg",
        "width": 500,
      },
      Object {
        "height": 750,
        "url": "http://image.tmdb.org/t/p/w500//oBF7XfJvPpJa5qT2vyzwB2bQw4l.jpg",
        "width": 500,
      },
      Object {
        "height": 750,
        "url": "http://image.tmdb.org/t/p/w500//rG8dKOFdIsZJvmOCOscJPCLyXyC.jpg",
        "width": 500,
      },
      Object {
        "height": 750,
        "url": "http://image.tmdb.org/t/p/w500//bcknER7DMd1e6aHQZBXGdfGWJmk.jpg",
        "width": 500,
      },
      Object {
        "height": 750,
        "url": "http://image.tmdb.org/t/p/w500//iGa5T4jbuZkH14rJyEl52kbZ6N2.jpg",
        "width": 500,
      },
      Object {
        "height": 138,
        "url": "http://image.tmdb.org/t/p/w92//pqyY7IEWkCWNZ7EuRStQaJITEta.jpg",
        "width": 92,
      },
      Object {
        "height": 138,
        "url": "http://image.tmdb.org/t/p/w92//avPMO5cnaGHgLaNiAIhy33WoQLm.jpg",
        "width": 92,
      },
      Object {
        "height": 138,
        "url": "http://image.tmdb.org/t/p/w92//XF05e3M5INIluZDIf9uZy1Pc8Z.jpg",
        "width": 92,
      },
      Object {
        "height": 138,
        "url": "http://image.tmdb.org/t/p/w92//oBF7XfJvPpJa5qT2vyzwB2bQw4l.jpg",
        "width": 92,
      },
      Object {
        "height": 138,
        "url": "http://image.tmdb.org/t/p/w92//rG8dKOFdIsZJvmOCOscJPCLyXyC.jpg",
        "width": 92,
      },
      Object {
        "height": 138,
        "url": "http://image.tmdb.org/t/p/w92//bcknER7DMd1e6aHQZBXGdfGWJmk.jpg",
        "width": 92,
      },
      Object {
        "height": 138,
        "url": "http://image.tmdb.org/t/p/w92//iGa5T4jbuZkH14rJyEl52kbZ6N2.jpg",
        "width": 92,
      },
      Object {
        "height": 231,
        "url": "http://image.tmdb.org/t/p/w154//pqyY7IEWkCWNZ7EuRStQaJITEta.jpg",
        "width": 154,
      },
      Object {
        "height": 231,
        "url": "http://image.tmdb.org/t/p/w154//avPMO5cnaGHgLaNiAIhy33WoQLm.jpg",
        "width": 154,
      },
      Object {
        "height": 231,
        "url": "http://image.tmdb.org/t/p/w154//XF05e3M5INIluZDIf9uZy1Pc8Z.jpg",
        "width": 154,
      },
      Object {
        "height": 231,
        "url": "http://image.tmdb.org/t/p/w154//oBF7XfJvPpJa5qT2vyzwB2bQw4l.jpg",
        "width": 154,
      },
      Object {
        "height": 231,
        "url": "http://image.tmdb.org/t/p/w154//rG8dKOFdIsZJvmOCOscJPCLyXyC.jpg",
        "width": 154,
      },
      Object {
        "height": 231,
        "url": "http://image.tmdb.org/t/p/w154//bcknER7DMd1e6aHQZBXGdfGWJmk.jpg",
        "width": 154,
      },
      Object {
        "height": 231,
        "url": "http://image.tmdb.org/t/p/w154//iGa5T4jbuZkH14rJyEl52kbZ6N2.jpg",
        "width": 154,
      },
      Object {
        "height": 278,
        "url": "http://image.tmdb.org/t/p/w185//pqyY7IEWkCWNZ7EuRStQaJITEta.jpg",
        "width": 186,
      },
      Object {
        "height": 278,
        "url": "http://image.tmdb.org/t/p/w185//avPMO5cnaGHgLaNiAIhy33WoQLm.jpg",
        "width": 186,
      },
      Object {
        "height": 278,
        "url": "http://image.tmdb.org/t/p/w185//XF05e3M5INIluZDIf9uZy1Pc8Z.jpg",
        "width": 186,
      },
      Object {
        "height": 278,
        "url": "http://image.tmdb.org/t/p/w185//oBF7XfJvPpJa5qT2vyzwB2bQw4l.jpg",
        "width": 186,
      },
      Object {
        "height": 278,
        "url": "http://image.tmdb.org/t/p/w185//rG8dKOFdIsZJvmOCOscJPCLyXyC.jpg",
        "width": 186,
      },
      Object {
        "height": 278,
        "url": "http://image.tmdb.org/t/p/w185//bcknER7DMd1e6aHQZBXGdfGWJmk.jpg",
        "width": 186,
      },
      Object {
        "height": 278,
        "url": "http://image.tmdb.org/t/p/w185//iGa5T4jbuZkH14rJyEl52kbZ6N2.jpg",
        "width": 186,
      },
      Object {
        "height": 513,
        "url": "http://image.tmdb.org/t/p/w342//pqyY7IEWkCWNZ7EuRStQaJITEta.jpg",
        "width": 342,
      },
      Object {
        "height": 513,
        "url": "http://image.tmdb.org/t/p/w342//avPMO5cnaGHgLaNiAIhy33WoQLm.jpg",
        "width": 342,
      },
      Object {
        "height": 513,
        "url": "http://image.tmdb.org/t/p/w342//XF05e3M5INIluZDIf9uZy1Pc8Z.jpg",
        "width": 342,
      },
      Object {
        "height": 513,
        "url": "http://image.tmdb.org/t/p/w342//oBF7XfJvPpJa5qT2vyzwB2bQw4l.jpg",
        "width": 342,
      },
      Object {
        "height": 513,
        "url": "http://image.tmdb.org/t/p/w342//rG8dKOFdIsZJvmOCOscJPCLyXyC.jpg",
        "width": 342,
      },
      Object {
        "height": 513,
        "url": "http://image.tmdb.org/t/p/w342//bcknER7DMd1e6aHQZBXGdfGWJmk.jpg",
        "width": 342,
      },
      Object {
        "height": 513,
        "url": "http://image.tmdb.org/t/p/w342//iGa5T4jbuZkH14rJyEl52kbZ6N2.jpg",
        "width": 342,
      },
      Object {
        "height": 1170,
        "url": "http://image.tmdb.org/t/p/w780//pqyY7IEWkCWNZ7EuRStQaJITEta.jpg",
        "width": 780,
      },
      Object {
        "height": 1170,
        "url": "http://image.tmdb.org/t/p/w780//avPMO5cnaGHgLaNiAIhy33WoQLm.jpg",
        "width": 780,
      },
      Object {
        "height": 1170,
        "url": "http://image.tmdb.org/t/p/w780//XF05e3M5INIluZDIf9uZy1Pc8Z.jpg",
        "width": 780,
      },
      Object {
        "height": 1170,
        "url": "http://image.tmdb.org/t/p/w780//oBF7XfJvPpJa5qT2vyzwB2bQw4l.jpg",
        "width": 780,
      },
      Object {
        "height": 1170,
        "url": "http://image.tmdb.org/t/p/w780//rG8dKOFdIsZJvmOCOscJPCLyXyC.jpg",
        "width": 780,
      },
      Object {
        "height": 1170,
        "url": "http://image.tmdb.org/t/p/w780//bcknER7DMd1e6aHQZBXGdfGWJmk.jpg",
        "width": 780,
      },
      Object {
        "height": 1170,
        "url": "http://image.tmdb.org/t/p/w780//iGa5T4jbuZkH14rJyEl52kbZ6N2.jpg",
        "width": 780,
      },
    ],
    "releaseYear": "2002",
    "revenue": 54016370,
    "runtime": 75,
    "themoviedbId": 15370,
    "title": "The Cat Returns",
    "updateAt": "2022-03-03T23:34:57.554Z",
  },
]
`;

exports[`# Movies - repository ## findMoviesBy - should be executed once without genres and return MovieModel as array 1`] = `
Array [
  Object {
    "adult": false,
    "budget": 0,
    "createAt": "2022-03-03T23:34:57.554Z",
    "description": "Young Haru rescues a cat from being run over, but soon learns it's no ordinary feline; it happens to be the Prince of the Cats.",
    "genres": "ADVENTURE;FANTASY;ANIMATION;DRAMA;FAMILY",
    "id": "MV_THE_CAT_RETURNS",
    "imdbid": "tt0347618",
    "language": "EN-US",
    "originalLanguage": "ja",
    "posters": Array [
      Object {
        "height": 3000,
        "url": "http://image.tmdb.org/t/p/original//pqyY7IEWkCWNZ7EuRStQaJITEta.jpg",
        "width": 2000,
      },
      Object {
        "height": 3000,
        "url": "http://image.tmdb.org/t/p/original//avPMO5cnaGHgLaNiAIhy33WoQLm.jpg",
        "width": 2000,
      },
      Object {
        "height": 1500,
        "url": "http://image.tmdb.org/t/p/original//XF05e3M5INIluZDIf9uZy1Pc8Z.jpg",
        "width": 1000,
      },
      Object {
        "height": 3000,
        "url": "http://image.tmdb.org/t/p/original//oBF7XfJvPpJa5qT2vyzwB2bQw4l.jpg",
        "width": 2000,
      },
      Object {
        "height": 3000,
        "url": "http://image.tmdb.org/t/p/original//rG8dKOFdIsZJvmOCOscJPCLyXyC.jpg",
        "width": 2000,
      },
      Object {
        "height": 1500,
        "url": "http://image.tmdb.org/t/p/original//bcknER7DMd1e6aHQZBXGdfGWJmk.jpg",
        "width": 1000,
      },
      Object {
        "height": 1500,
        "url": "http://image.tmdb.org/t/p/original//iGa5T4jbuZkH14rJyEl52kbZ6N2.jpg",
        "width": 1000,
      },
      Object {
        "height": 750,
        "url": "http://image.tmdb.org/t/p/w500//pqyY7IEWkCWNZ7EuRStQaJITEta.jpg",
        "width": 500,
      },
      Object {
        "height": 750,
        "url": "http://image.tmdb.org/t/p/w500//avPMO5cnaGHgLaNiAIhy33WoQLm.jpg",
        "width": 500,
      },
      Object {
        "height": 750,
        "url": "http://image.tmdb.org/t/p/w500//XF05e3M5INIluZDIf9uZy1Pc8Z.jpg",
        "width": 500,
      },
      Object {
        "height": 750,
        "url": "http://image.tmdb.org/t/p/w500//oBF7XfJvPpJa5qT2vyzwB2bQw4l.jpg",
        "width": 500,
      },
      Object {
        "height": 750,
        "url": "http://image.tmdb.org/t/p/w500//rG8dKOFdIsZJvmOCOscJPCLyXyC.jpg",
        "width": 500,
      },
      Object {
        "height": 750,
        "url": "http://image.tmdb.org/t/p/w500//bcknER7DMd1e6aHQZBXGdfGWJmk.jpg",
        "width": 500,
      },
      Object {
        "height": 750,
        "url": "http://image.tmdb.org/t/p/w500//iGa5T4jbuZkH14rJyEl52kbZ6N2.jpg",
        "width": 500,
      },
      Object {
        "height": 138,
        "url": "http://image.tmdb.org/t/p/w92//pqyY7IEWkCWNZ7EuRStQaJITEta.jpg",
        "width": 92,
      },
      Object {
        "height": 138,
        "url": "http://image.tmdb.org/t/p/w92//avPMO5cnaGHgLaNiAIhy33WoQLm.jpg",
        "width": 92,
      },
      Object {
        "height": 138,
        "url": "http://image.tmdb.org/t/p/w92//XF05e3M5INIluZDIf9uZy1Pc8Z.jpg",
        "width": 92,
      },
      Object {
        "height": 138,
        "url": "http://image.tmdb.org/t/p/w92//oBF7XfJvPpJa5qT2vyzwB2bQw4l.jpg",
        "width": 92,
      },
      Object {
        "height": 138,
        "url": "http://image.tmdb.org/t/p/w92//rG8dKOFdIsZJvmOCOscJPCLyXyC.jpg",
        "width": 92,
      },
      Object {
        "height": 138,
        "url": "http://image.tmdb.org/t/p/w92//bcknER7DMd1e6aHQZBXGdfGWJmk.jpg",
        "width": 92,
      },
      Object {
        "height": 138,
        "url": "http://image.tmdb.org/t/p/w92//iGa5T4jbuZkH14rJyEl52kbZ6N2.jpg",
        "width": 92,
      },
      Object {
        "height": 231,
        "url": "http://image.tmdb.org/t/p/w154//pqyY7IEWkCWNZ7EuRStQaJITEta.jpg",
        "width": 154,
      },
      Object {
        "height": 231,
        "url": "http://image.tmdb.org/t/p/w154//avPMO5cnaGHgLaNiAIhy33WoQLm.jpg",
        "width": 154,
      },
      Object {
        "height": 231,
        "url": "http://image.tmdb.org/t/p/w154//XF05e3M5INIluZDIf9uZy1Pc8Z.jpg",
        "width": 154,
      },
      Object {
        "height": 231,
        "url": "http://image.tmdb.org/t/p/w154//oBF7XfJvPpJa5qT2vyzwB2bQw4l.jpg",
        "width": 154,
      },
      Object {
        "height": 231,
        "url": "http://image.tmdb.org/t/p/w154//rG8dKOFdIsZJvmOCOscJPCLyXyC.jpg",
        "width": 154,
      },
      Object {
        "height": 231,
        "url": "http://image.tmdb.org/t/p/w154//bcknER7DMd1e6aHQZBXGdfGWJmk.jpg",
        "width": 154,
      },
      Object {
        "height": 231,
        "url": "http://image.tmdb.org/t/p/w154//iGa5T4jbuZkH14rJyEl52kbZ6N2.jpg",
        "width": 154,
      },
      Object {
        "height": 278,
        "url": "http://image.tmdb.org/t/p/w185//pqyY7IEWkCWNZ7EuRStQaJITEta.jpg",
        "width": 186,
      },
      Object {
        "height": 278,
        "url": "http://image.tmdb.org/t/p/w185//avPMO5cnaGHgLaNiAIhy33WoQLm.jpg",
        "width": 186,
      },
      Object {
        "height": 278,
        "url": "http://image.tmdb.org/t/p/w185//XF05e3M5INIluZDIf9uZy1Pc8Z.jpg",
        "width": 186,
      },
      Object {
        "height": 278,
        "url": "http://image.tmdb.org/t/p/w185//oBF7XfJvPpJa5qT2vyzwB2bQw4l.jpg",
        "width": 186,
      },
      Object {
        "height": 278,
        "url": "http://image.tmdb.org/t/p/w185//rG8dKOFdIsZJvmOCOscJPCLyXyC.jpg",
        "width": 186,
      },
      Object {
        "height": 278,
        "url": "http://image.tmdb.org/t/p/w185//bcknER7DMd1e6aHQZBXGdfGWJmk.jpg",
        "width": 186,
      },
      Object {
        "height": 278,
        "url": "http://image.tmdb.org/t/p/w185//iGa5T4jbuZkH14rJyEl52kbZ6N2.jpg",
        "width": 186,
      },
      Object {
        "height": 513,
        "url": "http://image.tmdb.org/t/p/w342//pqyY7IEWkCWNZ7EuRStQaJITEta.jpg",
        "width": 342,
      },
      Object {
        "height": 513,
        "url": "http://image.tmdb.org/t/p/w342//avPMO5cnaGHgLaNiAIhy33WoQLm.jpg",
        "width": 342,
      },
      Object {
        "height": 513,
        "url": "http://image.tmdb.org/t/p/w342//XF05e3M5INIluZDIf9uZy1Pc8Z.jpg",
        "width": 342,
      },
      Object {
        "height": 513,
        "url": "http://image.tmdb.org/t/p/w342//oBF7XfJvPpJa5qT2vyzwB2bQw4l.jpg",
        "width": 342,
      },
      Object {
        "height": 513,
        "url": "http://image.tmdb.org/t/p/w342//rG8dKOFdIsZJvmOCOscJPCLyXyC.jpg",
        "width": 342,
      },
      Object {
        "height": 513,
        "url": "http://image.tmdb.org/t/p/w342//bcknER7DMd1e6aHQZBXGdfGWJmk.jpg",
        "width": 342,
      },
      Object {
        "height": 513,
        "url": "http://image.tmdb.org/t/p/w342//iGa5T4jbuZkH14rJyEl52kbZ6N2.jpg",
        "width": 342,
      },
      Object {
        "height": 1170,
        "url": "http://image.tmdb.org/t/p/w780//pqyY7IEWkCWNZ7EuRStQaJITEta.jpg",
        "width": 780,
      },
      Object {
        "height": 1170,
        "url": "http://image.tmdb.org/t/p/w780//avPMO5cnaGHgLaNiAIhy33WoQLm.jpg",
        "width": 780,
      },
      Object {
        "height": 1170,
        "url": "http://image.tmdb.org/t/p/w780//XF05e3M5INIluZDIf9uZy1Pc8Z.jpg",
        "width": 780,
      },
      Object {
        "height": 1170,
        "url": "http://image.tmdb.org/t/p/w780//oBF7XfJvPpJa5qT2vyzwB2bQw4l.jpg",
        "width": 780,
      },
      Object {
        "height": 1170,
        "url": "http://image.tmdb.org/t/p/w780//rG8dKOFdIsZJvmOCOscJPCLyXyC.jpg",
        "width": 780,
      },
      Object {
        "height": 1170,
        "url": "http://image.tmdb.org/t/p/w780//bcknER7DMd1e6aHQZBXGdfGWJmk.jpg",
        "width": 780,
      },
      Object {
        "height": 1170,
        "url": "http://image.tmdb.org/t/p/w780//iGa5T4jbuZkH14rJyEl52kbZ6N2.jpg",
        "width": 780,
      },
    ],
    "releaseYear": "2002",
    "revenue": 54016370,
    "runtime": 75,
    "themoviedbId": 15370,
    "title": "The Cat Returns",
    "updateAt": "2022-03-03T23:34:57.554Z",
  },
]
`;
